2026-01-21 05:18:31.567Z info(io): opening "0_0.tigerbeetle"...
2026-01-21 05:18:31.692Z info(main): release=0.16.68
2026-01-21 05:18:31.692Z info(main): release_client_min=0.16.4
2026-01-21 05:18:31.692Z info(main): releases_bundled={ 0.16.64, 0.16.65, 0.16.66, 0.16.67, 0.16.68 }
2026-01-21 05:18:31.693Z info(main): git_commit=ebc92640850dbd315edd965f8c3f18a750dd79b7
2026-01-21 05:18:32.442Z info(replica): superblock release=0.16.68
2026-01-21 05:18:34.475Z info(replica): 0N: transition_to_normal_from_recovering_status: view=1 primary
2026-01-21 05:18:34.476Z info(main): 0: Allocated 3084MiB during replica init
2026-01-21 05:18:34.476Z info(main): 0: Grid cache: 1024MiB, LSM-tree manifests: 128MiB
2026-01-21 05:18:34.476Z info(main): 0: cluster=0: listening on 127.0.0.1:3000
2026-01-21 05:18:35.144Z warning(main): a cluster id of 0 is reserved for testing and benchmarking, do not use in production
2026-01-21 05:18:35.151Z info(message_bus): 0: set_and_verify_peer connection from client_likely=234628482309303031686223071572510818401
2026-01-21 05:18:35.614Z warning(message_bus): 0: on_recv: from=vsr.Peer{ .client_likely = 234628482309303031686223071572510818401 } error.ConnectionResetByPeer
2026-01-21 05:18:36.606Z info(message_bus): 0: set_and_verify_peer connection from client_likely=95520449421909072669480177081388432151
2026-01-21 05:18:36.617Z warning(message_bus): 0: on_recv: from=vsr.Peer{ .client_likely = 95520449421909072669480177081388432151 } error.ConnectionResetByPeer
2026-01-21 05:18:42.678Z info(message_bus): 0: set_and_verify_peer connection from client_likely=79802644186898423082970827613465520792
2026-01-21 05:18:42.688Z warning(message_bus): 0: on_recv: from=vsr.Peer{ .client_likely = 79802644186898423082970827613465520792 } error.ConnectionResetByPeer
2026-01-21 05:19:05.544Z info(message_bus): 0: set_and_verify_peer connection from client_likely=60087850803479398516116652487038177423
2026-01-21 05:19:05.553Z warning(message_bus): 0: on_recv: from=vsr.Peer{ .client_likely = 60087850803479398516116652487038177423 } error.ConnectionResetByPeer
2026-01-21 05:35:15.862Z info(message_bus): 0: set_and_verify_peer connection from client_likely=7558153865436361318982523115751020973
2026-01-21 05:35:15.869Z warning(message_bus): 0: on_recv: from=vsr.Peer{ .client_likely = 7558153865436361318982523115751020973 } error.ConnectionResetByPeer
